  [1;mâ€¢[0m first
     [1;mâ€¢[0m DEPRECATED: `foo.bar.whatever: foobar` should not be used anymore, check https://goreleaser.com/deprecations#foobarwhatever-foobar for more info
  [1;mâ€¢[0m last
