  [1;mâ€¢[0m first
     [1;mâ€¢[0m DEPRECATED: some custom template with a url https://goreleaser.com/deprecations#something-else
  [1;mâ€¢[0m last
